exports[`test 002 1`] = `
Array [
  Object {
    "deprecations": Array [],
    "errored": true,
    "ignored": undefined,
    "invalidOptionWarnings": Array [],
    "source": "/Users/davidclark/dev/stylelint/system-tests/002/stylesheet.scss",
    "warnings": Array [
      Object {
        "column": 24,
        "line": 100,
        "rule": "scss/at-extend-no-missing-placeholder",
        "severity": "error",
        "text": "Expected a placeholder selector (e.g. %placeholder) to be used in @extend (scss/at-extend-no-missing-placeholder)",
      },
      Object {
        "column": 24,
        "line": 101,
        "rule": "scss/at-extend-no-missing-placeholder",
        "severity": "error",
        "text": "Expected a placeholder selector (e.g. %placeholder) to be used in @extend (scss/at-extend-no-missing-placeholder)",
      },
      Object {
        "column": 5,
        "line": 16,
        "rule": "selector-max-specificity",
        "severity": "error",
        "text": "Expected \".btn-group > .btn:focus\" to have a specificity no more than \"0,2,0\" (selector-max-specificity)",
      },
      Object {
        "column": 5,
        "line": 16,
        "rule": "selector-max-specificity",
        "severity": "error",
        "text": "Expected \".btn-group-vertical > .btn:focus\" to have a specificity no more than \"0,2,0\" (selector-max-specificity)",
      },
      Object {
        "column": 5,
        "line": 17,
        "rule": "selector-max-specificity",
        "severity": "error",
        "text": "Expected \".btn-group > .btn:active\" to have a specificity no more than \"0,2,0\" (selector-max-specificity)",
      },
      Object {
        "column": 5,
        "line": 17,
        "rule": "selector-max-specificity",
        "severity": "error",
        "text": "Expected \".btn-group-vertical > .btn:active\" to have a specificity no more than \"0,2,0\" (selector-max-specificity)",
      },
      Object {
        "column": 5,
        "line": 18,
        "rule": "selector-max-specificity",
        "severity": "error",
        "text": "Expected \".btn-group > .btn.active\" to have a specificity no more than \"0,2,0\" (selector-max-specificity)",
      },
      Object {
        "column": 5,
        "line": 18,
        "rule": "selector-max-specificity",
        "severity": "error",
        "text": "Expected \".btn-group-vertical > .btn.active\" to have a specificity no more than \"0,2,0\" (selector-max-specificity)",
      },
      Object {
        "column": 3,
        "line": 29,
        "rule": "selector-max-specificity",
        "severity": "error",
        "text": "Expected \".btn-group .btn + .btn\" to have a specificity no more than \"0,2,0\" (selector-max-specificity)",
      },
      Object {
        "column": 3,
        "line": 30,
        "rule": "selector-max-specificity",
        "severity": "error",
        "text": "Expected \".btn-group .btn + .btn-group\" to have a specificity no more than \"0,2,0\" (selector-max-specificity)",
      },
      Object {
        "column": 3,
        "line": 31,
        "rule": "selector-max-specificity",
        "severity": "error",
        "text": "Expected \".btn-group .btn-group + .btn\" to have a specificity no more than \"0,2,0\" (selector-max-specificity)",
      },
      Object {
        "column": 3,
        "line": 32,
        "rule": "selector-max-specificity",
        "severity": "error",
        "text": "Expected \".btn-group .btn-group + .btn-group\" to have a specificity no more than \"0,2,0\" (selector-max-specificity)",
      },
      Object {
        "column": 1,
        "line": 59,
        "rule": "selector-max-specificity",
        "severity": "error",
        "text": "Expected \".btn-group > .btn:first-child\" to have a specificity no more than \"0,2,0\" (selector-max-specificity)",
      },
      Object {
        "column": 3,
        "line": 80,
        "rule": "selector-max-specificity",
        "severity": "error",
        "text": "Expected \".btn-group > .btn-group:first-child:not(:last-child) > .btn:last-child\" to have a specificity no more than \"0,2,0\" (selector-max-specificity)",
      },
      Object {
        "column": 3,
        "line": 81,
        "rule": "selector-max-specificity",
        "severity": "error",
        "text": "Expected \".btn-group > .btn-group:first-child:not(:last-child) > .dropdown-toggle\" to have a specificity no more than \"0,2,0\" (selector-max-specificity)",
      },
      Object {
        "column": 1,
        "line": 90,
        "rule": "selector-max-specificity",
        "severity": "error",
        "text": "Expected \".btn-group .dropdown-toggle:active\" to have a specificity no more than \"0,2,0\" (selector-max-specificity)",
      },
      Object {
        "column": 1,
        "line": 91,
        "rule": "selector-max-specificity",
        "severity": "error",
        "text": "Expected \".btn-group.open .dropdown-toggle\" to have a specificity no more than \"0,2,0\" (selector-max-specificity)",
      },
      Object {
        "column": 3,
        "line": 112,
        "rule": "selector-max-specificity",
        "severity": "error",
        "text": "Expected \".btn + .dropdown-toggle-split::after\" to have a specificity no more than \"0,2,0\" (selector-max-specificity)",
      },
      Object {
        "column": 1,
        "line": 130,
        "rule": "selector-max-specificity",
        "severity": "error",
        "text": "Expected \".btn-group.open .dropdown-toggle\" to have a specificity no more than \"0,2,0\" (selector-max-specificity)",
      },
      Object {
        "column": 3,
        "line": 134,
        "rule": "selector-max-specificity",
        "severity": "error",
        "text": "Expected \".btn-group.open .dropdown-toggle.btn-link\" to have a specificity no more than \"0,2,0\" (selector-max-specificity)",
      },
      Object {
        "column": 1,
        "line": 150,
        "rule": "selector-max-specificity",
        "severity": "error",
        "text": "Expected \".dropup .btn-lg .caret\" to have a specificity no more than \"0,2,0\" (selector-max-specificity)",
      },
      Object {
        "column": 3,
        "line": 163,
        "rule": "selector-max-specificity",
        "severity": "error",
        "text": "Expected \".btn-group-vertical > .btn-group > .btn\" to have a specificity no more than \"0,2,0\" (selector-max-specificity)",
      },
      Object {
        "column": 5,
        "line": 174,
        "rule": "selector-max-specificity",
        "severity": "error",
        "text": "Expected \".btn-group-vertical > .btn-group > .btn\" to have a specificity no more than \"0,2,0\" (selector-max-specificity)",
      },
      Object {
        "column": 3,
        "line": 179,
        "rule": "selector-max-specificity",
        "severity": "error",
        "text": "Expected \".btn-group-vertical > .btn + .btn\" to have a specificity no more than \"0,2,0\" (selector-max-specificity)",
      },
      Object {
        "column": 3,
        "line": 180,
        "rule": "selector-max-specificity",
        "severity": "error",
        "text": "Expected \".btn-group-vertical > .btn + .btn-group\" to have a specificity no more than \"0,2,0\" (selector-max-specificity)",
      },
      Object {
        "column": 3,
        "line": 181,
        "rule": "selector-max-specificity",
        "severity": "error",
        "text": "Expected \".btn-group-vertical > .btn-group + .btn\" to have a specificity no more than \"0,2,0\" (selector-max-specificity)",
      },
      Object {
        "column": 3,
        "line": 182,
        "rule": "selector-max-specificity",
        "severity": "error",
        "text": "Expected \".btn-group-vertical > .btn-group + .btn-group\" to have a specificity no more than \"0,2,0\" (selector-max-specificity)",
      },
      Object {
        "column": 3,
        "line": 203,
        "rule": "selector-max-specificity",
        "severity": "error",
        "text": "Expected \".btn-group-vertical > .btn-group:first-child:not(:last-child) > .btn:last-child\" to have a specificity no more than \"0,2,0\" (selector-max-specificity)",
      },
      Object {
        "column": 3,
        "line": 204,
        "rule": "selector-max-specificity",
        "severity": "error",
        "text": "Expected \".btn-group-vertical > .btn-group:first-child:not(:last-child) > .dropdown-toggle\" to have a specificity no more than \"0,2,0\" (selector-max-specificity)",
      },
      Object {
        "column": 3,
        "line": 227,
        "rule": "selector-max-specificity",
        "severity": "error",
        "text": "Expected \"[data-toggle=\"buttons\"] > .btn-group > .btn\" to have a specificity no more than \"0,2,0\" (selector-max-specificity)",
      },
      Object {
        "column": 5,
        "line": 228,
        "rule": "selector-max-specificity",
        "severity": "error",
        "text": "Expected \"[data-toggle=\"buttons\"] > .btn input[type=\"radio\"]\" to have a specificity no more than \"0,2,0\" (selector-max-specificity)",
      },
      Object {
        "column": 5,
        "line": 228,
        "rule": "selector-max-specificity",
        "severity": "error",
        "text": "Expected \"[data-toggle=\"buttons\"] > .btn-group > .btn input[type=\"radio\"]\" to have a specificity no more than \"0,2,0\" (selector-max-specificity)",
      },
      Object {
        "column": 5,
        "line": 229,
        "rule": "selector-max-specificity",
        "severity": "error",
        "text": "Expected \"[data-toggle=\"buttons\"] > .btn input[type=\"checkbox\"]\" to have a specificity no more than \"0,2,0\" (selector-max-specificity)",
      },
      Object {
        "column": 5,
        "line": 229,
        "rule": "selector-max-specificity",
        "severity": "error",
        "text": "Expected \"[data-toggle=\"buttons\"] > .btn-group > .btn input[type=\"checkbox\"]\" to have a specificity no more than \"0,2,0\" (selector-max-specificity)",
      },
    ],
  },
]
`;
